
> offermesh-frontend@0.3.0 prebuild
> npm run generate:types


> offermesh-frontend@0.3.0 generate:types
> node scripts/generate-types.mjs

Generated frontend/src/contract.generated.ts from shared schema

> offermesh-frontend@0.3.0 build
> npm run typecheck && vite build


> offermesh-frontend@0.3.0 typecheck
> tsc --noEmit

vite v6.4.3 building for production...
transforming...
✓ 2193 modules transformed.
rendering chunks...
computing gzip size...
dist/index.html                       0.58 kB │ gzip:  0.37 kB
dist/assets/index-BQK2wGVW.css       46.30 kB │ gzip:  9.26 kB
dist/assets/motion-DQWta3r0.js      131.55 kB │ gzip: 43.28 kB
dist/assets/validation-Bpbk31WG.js  149.65 kB │ gzip: 45.03 kB
dist/assets/index-BviDRmdd.js       294.10 kB │ gzip: 85.76 kB
✓ built in 4.33s
